torch 2.14.0 | device: cpu | cuda: False
Fetching 5 files:   0%|          | 0/5 [00:00<?, ?it/s]Fetching 5 files: 100%|██████████| 5/5 [00:00<00:00, 4354.55it/s]
/Users/david/research-base/jev-n-laya/.venv/lib/python3.11/site-packages/laya/router.py:456: RuntimeWarning: laya: this checkpoint ships invalid temperatures or values outside [0.5, 5]; using choice:11+=0.10058280825614929 -> 0.5. Treat confidence from the affected entries as uncalibrated.
  agent = Agent(repo, **kwargs)
Fetching 5 files:   0%|          | 0/5 [00:00<?, ?it/s]Fetching 5 files: 100%|██████████| 5/5 [00:00<00:00, 3840.23it/s]
preloaded: ['english', 'multilingual']
warmup ok in 357 ms
......................... 25
......................... 50
......................... 75
......................... 100
......................... 125
......................... 150
......................... 175
......................... 200
......................... 225
......................... 250
......................... 275
......................... 300
......................... 325
......................... 350
......................... 375
......................... 400
......................... 425
......................... 450
......................... 475
......................... 500
......................... 525
......................... 550
......................... 575
......................... 600
......................... 625
......................... 650
......................... 675
......................... 700
......................... 725
......................... 750
......................... 775
......................... 800
......................... 825
......................... 850
......................... 875
......................... 900
......................... 925
......................... 950
......................... 975
......................... 1000
......................... 1025
......................... 1050
......................... 1075
......................... 1100
......................... 1125
......................... 1150
......................... 1175
......................... 1200
......................... 1225
......................... 1250
......................... 1275
......................... 1300
......................... 1325
......................... 1350
......................... 1375
......................... 1400
......................... 1425
......................... 1450
......................... 1475
......................... 1500
......................... 1525
......................... 1550
......................... 1575
......................... 1600
......................... 1625
......................... 1650
......................... 1675
......................... 1700
......................... 1725
......................... 1750
......................... 1775
......................... 1800
......................... 1825
......................... 1850
......................... 1875
......................... 1900
......................... 1925
......................... 1950
......................... 1975
......................... 2000
......................... 2025
......................... 2050
..........
=== LAYA RUN (router-default) ===
cases: 2060 | ok: 2060 | failed: 0
p50: 200ms | p95: 470ms | mean: 243ms
checkpoints used: ['english', 'multilingual']
